#
# There is insufficient memory for the Java Runtime Environment to continue.
# Native memory allocation (mmap) failed to map 394264576 bytes. Error detail: G1 virtual space
# Possible reasons:
#   The system is out of physical RAM or swap space
#   This process is running with CompressedOops enabled, and the Java Heap may be blocking the growth of the native heap
# Possible solutions:
#   Reduce memory load on the system
#   Increase physical memory or swap space
#   Check if swap backing store is full
#   Decrease Java heap size (-Xmx/-Xms)
#   Decrease number of Java threads
#   Decrease Java thread stack sizes (-Xss)
#   Set larger code cache with -XX:ReservedCodeCacheSize=
#   JVM is running with Zero Based Compressed Oops mode in which the Java heap is
#     placed in the first 32GB address space. The Java Heap base address is the
#     maximum limit for the native heap growth. Please use -XX:HeapBaseMinAddress
#     to set the Java Heap base and to place the Java Heap above 32GB virtual address.
# This output file may be truncated or incomplete.
#
#  Out of Memory Error (os_windows.cpp:3703), pid=20672, tid=23468
#
# JRE version:  (23.0.1+11) (build )
# Java VM: Java HotSpot(TM) 64-Bit Server VM (23.0.1+11-39, mixed mode, sharing, tiered, compressed oops, compressed class ptrs, g1 gc, windows-amd64)
# No core dump will be written. Minidumps are not enabled by default on client versions of Windows
#

---------------  S U M M A R Y ------------

Command Line: -Dnet.bytebuddy.agent.attacher.dump= net.bytebuddy.agent.Attacher com.sun.tools.attach.VirtualMachine 23472 C:\Users\Shormi\.m2\repository\net\bytebuddy\byte-buddy-agent\1.17.8\byte-buddy-agent-1.17.8.jar false 

Host: AMD Ryzen 5 5500U with Radeon Graphics         , 12 cores, 23G,  Windows 11 , 64 bit Build 26100 (10.0.26100.7920)
Time: Sat Mar 21 22:25:22 2026 Bangladesh Standard Time elapsed time: 0.024399 seconds (0d 0h 0m 0s)

---------------  T H R E A D  ---------------

Current thread (0x000001deb60870a0):  JavaThread "Unknown thread" [_thread_in_vm, id=23468, stack(0x0000001172600000,0x0000001172700000) (1024K)]

Stack: [0x0000001172600000,0x0000001172700000]
Native frames: (J=compiled Java code, j=interpreted, Vv=VM code, C=native code)
V  [jvm.dll+0x6e08b9]  (no source info available)
V  [jvm.dll+0x87dc83]  (no source info available)
V  [jvm.dll+0x88010e]  (no source info available)
V  [jvm.dll+0x8807e3]  (no source info available)
V  [jvm.dll+0x27aee6]  (no source info available)
V  [jvm.dll+0x6dd1c5]  (no source info available)
V  [jvm.dll+0x6d104a]  (no source info available)
V  [jvm.dll+0x35b3ea]  (no source info available)
V  [jvm.dll+0x3637f6]  (no source info available)
V  [jvm.dll+0x34fd5e]  (no source info available)
V  [jvm.dll+0x34fff8]  (no source info available)
V  [jvm.dll+0x3289cc]  (no source info available)
V  [jvm.dll+0x32966e]  (no source info available)
V  [jvm.dll+0x844355]  (no source info available)
V  [jvm.dll+0x3b9848]  (no source info available)
V  [jvm.dll+0x82d14c]  (no source info available)
V  [jvm.dll+0x454d4e]  (no source info available)
V  [jvm.dll+0x456bd1]  (no source info available)
C  [jli.dll+0x52a3]  (no source info available)
C  [ucrtbase.dll+0x37b0]  (no source info available)
C  [KERNEL32.DLL+0x2e8d7]  (no source info available)
C  [ntdll.dll+0x8c48c]  (no source info available)

Lock stack of current Java thread (top to bottom):


---------------  P R O C E S S  ---------------

Threads class SMR info:
_java_thread_list=0x00007ffc83fd3618, length=0, elements={
}

Java Threads: ( => current thread )
Total: 0

Other Threads:
  0x000001deb8481900 WorkerThread "GC Thread#0"                     [id=29216, stack(0x0000001172700000,0x0000001172800000) (1024K)]
  0x000001deb84912c0 ConcurrentGCThread "G1 Main Marker"            [id=24316, stack(0x0000001172800000,0x0000001172900000) (1024K)]
  0x000001deb8492cf0 WorkerThread "G1 Conc#0"                       [id=21716, stack(0x0000001172900000,0x0000001172a00000) (1024K)]

[error occurred during error reporting (printing all threads), id 0xc0000005, EXCEPTION_ACCESS_VIOLATION (0xc0000005) at pc=0x00007ffc8371bfba]
VM state: not at safepoint (not fully initialized)

VM Mutex/Monitor currently owned by a thread:  ([mutex/lock_event])
[0x00007ffc84053a10] Heap_lock - owner thread: 0x000001deb60870a0

Heap address: 0x000000068a800000, size: 5976 MB, Compressed Oops mode: Zero based, Oop shift amount: 3

CDS archive(s) mapped at: [0x0000000000000000-0x0000000000000000-0x0000000000000000), size 0, SharedBaseAddress: 0x0000000800000000, ArchiveRelocationMode: 1.
Narrow klass base: 0x0000000000000000, Narrow klass shift: 0, Narrow klass range: 0x0

GC Precious Log:
 CardTable entry size: 512
 Card Set container configuration: InlinePtr #cards 4 size 8 Array Of Cards #cards 32 size 80 Howl #buckets 8 coarsen threshold 7372 Howl Bitmap #cards 1024 size 144 coarsen threshold 921 Card regions per heap region 1 cards per card region 8192

Heap:
 garbage-first heap   total reserved 6119424K, committed 0K, used 0K [0x000000068a800000, 0x0000000800000000)
  region size 4096K, 0 young (0K), 0 survivors (0K)

[error occurred during error reporting (printing heap information), id 0xc0000005, EXCEPTION_ACCESS_VIOLATION (0xc0000005) at pc=0x00007ffc83b1c3c9]
GC Heap History (0 events):
No events

Dll operation events (1 events):
Event: 0.019 Loaded shared library C:\Program Files\Java\jdk-23\bin\java.dll

Deoptimization events (0 events):
No events

Classes loaded (0 events):
No events

Classes unloaded (0 events):
No events

Classes redefined (0 events):
No events

Internal exceptions (0 events):
No events

VM Operations (0 events):
No events

Memory protections (0 events):
No events

Nmethod flushes (0 events):
No events

Events (0 events):
No events


Dynamic libraries:
0x00007ff620530000 - 0x00007ff620540000 	C:\Program Files\Java\jdk-23\bin\java.exe
0x00007ffd38d60000 - 0x00007ffd38fc7000 	C:\WINDOWS\SYSTEM32\ntdll.dll
0x00007ffd374a0000 - 0x00007ffd37569000 	C:\WINDOWS\System32\KERNEL32.DLL
0x00007ffd359b0000 - 0x00007ffd35da1000 	C:\WINDOWS\System32\KERNELBASE.dll
0x00007ffd35e90000 - 0x00007ffd35fdb000 	C:\WINDOWS\System32\ucrtbase.dll
0x00007ffd30ce0000 - 0x00007ffd30cf7000 	C:\Program Files\Java\jdk-23\bin\jli.dll
0x00007ffd2c770000 - 0x00007ffd2c78b000 	C:\Program Files\Java\jdk-23\bin\VCRUNTIME140.dll
0x00007ffd36da0000 - 0x00007ffd36f65000 	C:\WINDOWS\System32\USER32.dll
0x00007ffd35e60000 - 0x00007ffd35e87000 	C:\WINDOWS\System32\win32u.dll
0x00007ffd37630000 - 0x00007ffd3765b000 	C:\WINDOWS\System32\GDI32.dll
0x00007ffd35880000 - 0x00007ffd359ab000 	C:\WINDOWS\System32\gdi32full.dll
0x00007ffd1ddb0000 - 0x00007ffd1e043000 	C:\WINDOWS\WinSxS\amd64_microsoft.windows.common-controls_6595b64144ccf1df_6.0.26100.8037_none_3e092faae333b53b\COMCTL32.dll
0x00007ffd35db0000 - 0x00007ffd35e53000 	C:\WINDOWS\System32\msvcp_win.dll
0x00007ffd36c90000 - 0x00007ffd36d39000 	C:\WINDOWS\System32\msvcrt.dll
0x00007ffd379e0000 - 0x00007ffd37a11000 	C:\WINDOWS\System32\IMM32.DLL
0x00007ffd2f7a0000 - 0x00007ffd2f7ac000 	C:\Program Files\Java\jdk-23\bin\vcruntime140_1.dll
0x00007ffd24970000 - 0x00007ffd249fe000 	C:\Program Files\Java\jdk-23\bin\msvcp140.dll
0x00007ffc833e0000 - 0x00007ffc8412f000 	C:\Program Files\Java\jdk-23\bin\server\jvm.dll
0x00007ffd37570000 - 0x00007ffd3762b000 	C:\WINDOWS\System32\ADVAPI32.dll
0x00007ffd37310000 - 0x00007ffd373b7000 	C:\WINDOWS\System32\sechost.dll
0x00007ffd37a50000 - 0x00007ffd37b68000 	C:\WINDOWS\System32\RPCRT4.dll
0x00007ffd36b80000 - 0x00007ffd36bf4000 	C:\WINDOWS\System32\WS2_32.dll
0x00007ffd354a0000 - 0x00007ffd354fe000 	C:\WINDOWS\SYSTEM32\POWRPROF.dll
0x00007ffd2fa10000 - 0x00007ffd2fa1b000 	C:\WINDOWS\SYSTEM32\VERSION.dll
0x00007ffd2fa20000 - 0x00007ffd2fa55000 	C:\WINDOWS\SYSTEM32\WINMM.dll
0x00007ffd35480000 - 0x00007ffd35494000 	C:\WINDOWS\SYSTEM32\UMPDC.dll
0x00007ffd34390000 - 0x00007ffd343ab000 	C:\WINDOWS\SYSTEM32\kernel.appcore.dll
0x00007ffd2f590000 - 0x00007ffd2f59a000 	C:\Program Files\Java\jdk-23\bin\jimage.dll
0x00007ffd1e1a0000 - 0x00007ffd1e3e2000 	C:\WINDOWS\SYSTEM32\DBGHELP.DLL
0x00007ffd37b70000 - 0x00007ffd37ef2000 	C:\WINDOWS\System32\combase.dll
0x00007ffd37210000 - 0x00007ffd372e7000 	C:\WINDOWS\System32\OLEAUT32.dll
0x00007ffd1bac0000 - 0x00007ffd1bafb000 	C:\WINDOWS\SYSTEM32\dbgcore.DLL
0x00007ffd369c0000 - 0x00007ffd36a65000 	C:\WINDOWS\System32\bcryptPrimitives.dll
0x00007ffd2c750000 - 0x00007ffd2c76e000 	C:\Program Files\Java\jdk-23\bin\java.dll
0x00007ffd37070000 - 0x00007ffd37205000 	C:\WINDOWS\System32\ole32.dll
0x00007ffd37f00000 - 0x00007ffd3865f000 	C:\WINDOWS\System32\SHELL32.dll
0x00007ffd36850000 - 0x00007ffd369ba000 	C:\WINDOWS\System32\wintypes.dll

dbghelp: loaded successfully - version: 4.0.5 - missing functions: none
symbol engine: initialized successfully - sym options: 0x614 - pdb path: .;C:\Program Files\Java\jdk-23\bin;C:\WINDOWS\SYSTEM32;C:\WINDOWS\WinSxS\amd64_microsoft.windows.common-controls_6595b64144ccf1df_6.0.26100.8037_none_3e092faae333b53b;C:\Program Files\Java\jdk-23\bin\server

VM Arguments:
jvm_args: -Dnet.bytebuddy.agent.attacher.dump= 
java_command: net.bytebuddy.agent.Attacher com.sun.tools.attach.VirtualMachine 23472 C:\Users\Shormi\.m2\repository\net\bytebuddy\byte-buddy-agent\1.17.8\byte-buddy-agent-1.17.8.jar false 
java_class_path (initial): C:\Users\Shormi\.m2\repository\net\bytebuddy\byte-buddy-agent\1.17.8\byte-buddy-agent-1.17.8.jar
Launcher Type: SUN_STANDARD

[Global flags]
     intx CICompilerCount                          = 4                                         {product} {ergonomic}
     uint ConcGCThreads                            = 3                                         {product} {ergonomic}
     uint G1ConcRefinementThreads                  = 10                                        {product} {ergonomic}
   size_t G1HeapRegionSize                         = 4194304                                   {product} {ergonomic}
   size_t InitialHeapSize                          = 394264576                                 {product} {ergonomic}
   size_t MarkStackSize                            = 4194304                                   {product} {ergonomic}
   size_t MarkStackSizeMax                         = 536870912                                 {product} {ergonomic}
   size_t MaxHeapSize                              = 6266290176                                {product} {ergonomic}
   size_t MinHeapDeltaBytes                        = 4194304                                   {product} {ergonomic}
   size_t MinHeapSize                              = 8388608                                   {product} {ergonomic}
    uintx NonNMethodCodeHeapSize                   = 5832704                                {pd product} {ergonomic}
    uintx NonProfiledCodeHeapSize                  = 122945536                              {pd product} {ergonomic}
    uintx ProfiledCodeHeapSize                     = 122880000                              {pd product} {ergonomic}
    uintx ReservedCodeCacheSize                    = 251658240                              {pd product} {ergonomic}
     bool SegmentedCodeCache                       = true                                      {product} {ergonomic}
   size_t SoftMaxHeapSize                          = 6266290176                             {manageable} {ergonomic}
     bool UseCompressedOops                        = true                           {product lp64_product} {ergonomic}
     bool UseG1GC                                  = true                                      {product} {ergonomic}
     bool UseLargePagesIndividualAllocation        = false                                  {pd product} {ergonomic}

Logging:
Log output configuration:
 #0: stdout all=warning uptime,level,tags foldmultilines=false
 #1: stderr all=off uptime,level,tags foldmultilines=false

Environment Variables:
JAVA_HOME=C:\Program Files\Java\jdk-23
PATH=C:\Users\Shormi\AppData\Local\Programs\Microsoft VS Code;C:\Program Files\Microsoft MPI\Bin\;D:\app\oracle\product\11.2.0\server\bin;C:\Program Files\Common Files\Oracle\Java\javapath;C:\WINDOWS\system32;C:\WINDOWS;C:\WINDOWS\System32\Wbem;C:\WINDOWS\System32\WindowsPowerShell\v1.0\;C:\WINDOWS\System32\OpenSSH\;C:\Program Files\CodeBlocks\MinGW\bin;C:\MinGW\bin;D:\bin;C:\Program Files\dotnet\;D:\Git\cmd;C:\Program Files\nodejs\;C:\Program Files\Microsoft SQL Server\150\Tools\Binn\;C:\Program Files\Microsoft SQL Server\Client SDK\ODBC\170\Tools\Binn\;C:\Program Files (x86)\Microsoft SQL Server\160\Tools\Binn\;C:\Program Files\Microsoft SQL Server\160\Tools\Binn\;C:\Program Files\Microsoft SQL Server\160\DTS\Binn\;C:\xampp\php;C:\ProgramData\ComposerSetup\bin;C:\Program Files\Docker\Docker\resources\bin;C:\Users\Shormi\Downloads\apache-maven-3.9.12-bin;D:\MiKTeX\miktex\bin\x64\;C:\Program Files\MiKTeX\miktex\bin\x64\;C:\Program Files\Microsoft MPI\Bin\;D:\app\oracle\product\11.2.0\server\bin;C:\Program Files\Common Files\Oracle\Java\javapath;C:\WINDOWS\system32;C:\WINDOWS;C:\WINDOWS\System32\Wbem;C:\WINDOWS\System32\WindowsPowerShell\v1.0\;C:\WINDOWS\System32\OpenSSH\;C:\Program Files\CodeBlocks\MinGW\bin;C:\MinGW\bin;D:\bin;C:\Program Files\dotnet\;D:\Git\cmd;C:\Program Files\nodejs\;C:\Program Files\Microsoft SQL Server\150\Tools\Binn\;C:\Program Files\Microsoft SQL Server\Client SDK\ODBC\170\Tools\Binn\;C:\Program Files (x86)\Microsoft SQL Server\160\Tools\Binn\;C:\Program Files\Microsoft SQL Server\160\Tools\Binn\;C:\Program Files\Microsoft SQL Server\160\DTS\Binn\;C:\xampp\php;C:\ProgramData\ComposerSetup\bin;C:\Program Files\Docker\Docker\resources\bin;C:\Users\Shormi\Downloads\apache-maven-3.9.12-bin;D:\MiKTeX\miktex\bin\x64\;C:\Users\Shormi\AppData\Local\Programs\Python\Python313\Scripts\;C:\Users\Shormi\AppData\Local\Programs\Python\Python313\;C:\Program Files\MySQL\MySQL Shell 8.0\bin\;C:\Users\Shormi\AppData\Lo;C:\Users\Shormi\AppData\Local\Programs\Microsoft VS Code\bin
USERNAME=Shormi
OS=Windows_NT
PROCESSOR_IDENTIFIER=AMD64 Family 23 Model 104 Stepping 1, AuthenticAMD
TMP=C:\Users\Shormi\AppData\Local\Temp
TEMP=C:\Users\Shormi\AppData\Local\Temp




Periodic native trim disabled

---------------  S Y S T E M  ---------------

OS:
 Windows 11 , 64 bit Build 26100 (10.0.26100.7920)
OS uptime: 0 days 1:43 hours
Hyper-V role detected

CPU: total 12 (initial active 12) (12 cores per cpu, 2 threads per core) family 23 model 104 stepping 1 microcode 0x8608103, cx8, cmov, fxsr, ht, mmx, 3dnowpref, sse, sse2, sse3, ssse3, sse4a, sse4.1, sse4.2, popcnt, lzcnt, tsc, tscinvbit, avx, avx2, aes, clmul, bmi1, bmi2, adx, sha, fma, vzeroupper, clflush, clflushopt, hv, rdtscp, rdpid, f16c
Processor Information for the first 12 processors :
  Max Mhz: 2100, Current Mhz: 2100, Mhz Limit: 2100

Memory: 4k page, system-wide physical 23898M (4030M free)
TotalPageFile size 32479M (AvailPageFile size 252M)
current process WorkingSet (physical memory assigned to process): 13M, peak: 13M
current process commit charge ("private bytes"): 65M, peak: 440M

vm_info: Java HotSpot(TM) 64-Bit Server VM (23.0.1+11-39) for windows-amd64 JRE (23.0.1+11-39), built on 2024-09-30T07:20:43Z with MS VC++ 17.6 (VS2022)

END.
